EN sevensegmentdisplaygroup NULL C:/Users/Jableader/Documents/Xilinx/ADS_Assignment_3/SevenSegmentDisplayGroup.vhd sub00/vhpl08 1432964759
AR coinacceptor behavioral C:/Users/Jableader/Documents/Xilinx/ADS_Assignment_3/CoinAcceptor.vhd sub00/vhpl05 1432964756
EN coinacceptor NULL C:/Users/Jableader/Documents/Xilinx/ADS_Assignment_3/CoinAcceptor.vhd sub00/vhpl04 1432964755
PH commonunits NULL C:/Users/Jableader/Documents/Xilinx/ADS_Assignment_3/CommonUnits.vhd sub00/vhpl00 1432964749
EN debounce NULL C:/Users/Jableader/Documents/Xilinx/ADS_Assignment_3/debounce.vhd sub00/vhpl02 1432964753
EN toplevel NULL C:/Users/Jableader/Documents/Xilinx/ADS_Assignment_3/TopLevel.vhd sub00/vhpl06 1432964761
AR sevensegmentdisplaygroup behavioral C:/Users/Jableader/Documents/Xilinx/ADS_Assignment_3/SevenSegmentDisplayGroup.vhd sub00/vhpl11 1432964760
EN bcd_to_ssd NULL C:/Users/Jableader/Documents/Xilinx/ADS_Assignment_3/BCD_to_SSD.vhd sub00/vhpl09 1432964751
PB commonunits commonunits C:/Users/Jableader/Documents/Xilinx/ADS_Assignment_3/CommonUnits.vhd sub00/vhpl01 1432964750
AR debounce behavioral C:/Users/Jableader/Documents/Xilinx/ADS_Assignment_3/debounce.vhd sub00/vhpl03 1432964754
AR toplevel behavioral C:/Users/Jableader/Documents/Xilinx/ADS_Assignment_3/TopLevel.vhd sub00/vhpl07 1432964762
AR summanager behavioral C:/Users/Jableader/Documents/Xilinx/ADS_Assignment_3/MoneyManager.vhd sub00/vhpl13 1432964758
AR bcd_to_ssd behavioral C:/Users/Jableader/Documents/Xilinx/ADS_Assignment_3/BCD_to_SSD.vhd sub00/vhpl10 1432964752
EN summanager NULL C:/Users/Jableader/Documents/Xilinx/ADS_Assignment_3/MoneyManager.vhd sub00/vhpl12 1432964757
