EN sevensegmentdisplaygroup NULL C:/Users/Jableader/Documents/Xilinx/ADS_Assignment_3/SevenSegmentDisplayGroup.vhd sub00/vhpl08 1433049542
EN threesecondlatch NULL C:/Users/Jableader/Documents/Xilinx/ADS_Assignment_3/debounce.vhd sub00/vhpl14 1433049536
AR coinacceptor behavioral C:/Users/Jableader/Documents/Xilinx/ADS_Assignment_3/CoinAcceptor.vhd sub00/vhpl05 1433049539
AR threesecondlatch behavoural C:/Users/Jableader/Documents/Xilinx/ADS_Assignment_3/debounce.vhd sub00/vhpl15 1433049537
EN coinacceptor NULL C:/Users/Jableader/Documents/Xilinx/ADS_Assignment_3/CoinAcceptor.vhd sub00/vhpl04 1433049538
PH commonunits NULL C:/Users/Jableader/Documents/Xilinx/ADS_Assignment_3/CommonUnits.vhd sub00/vhpl00 1433049532
EN debounce NULL C:/Users/Jableader/Documents/Xilinx/ADS_Assignment_3/debounce.vhd sub00/vhpl02 1432964753
EN toplevel NULL C:/Users/Jableader/Documents/Xilinx/ADS_Assignment_3/TopLevel.vhd sub00/vhpl06 1433049544
AR sevensegmentdisplaygroup behavioral C:/Users/Jableader/Documents/Xilinx/ADS_Assignment_3/SevenSegmentDisplayGroup.vhd sub00/vhpl11 1433049543
EN bcd_to_ssd NULL C:/Users/Jableader/Documents/Xilinx/ADS_Assignment_3/BCD_to_SSD.vhd sub00/vhpl09 1433049534
PB commonunits commonunits C:/Users/Jableader/Documents/Xilinx/ADS_Assignment_3/CommonUnits.vhd sub00/vhpl01 1433049533
AR debounce behavioral C:/Users/Jableader/Documents/Xilinx/ADS_Assignment_3/debounce.vhd sub00/vhpl03 1432964754
AR toplevel behavioral C:/Users/Jableader/Documents/Xilinx/ADS_Assignment_3/TopLevel.vhd sub00/vhpl07 1433049545
AR summanager behavioral C:/Users/Jableader/Documents/Xilinx/ADS_Assignment_3/MoneyManager.vhd sub00/vhpl13 1433049541
AR bcd_to_ssd behavioral C:/Users/Jableader/Documents/Xilinx/ADS_Assignment_3/BCD_to_SSD.vhd sub00/vhpl10 1433049535
EN summanager NULL C:/Users/Jableader/Documents/Xilinx/ADS_Assignment_3/MoneyManager.vhd sub00/vhpl12 1433049540
