EN sevensegmentdisplaygroup NULL C:/Users/Jableader/Documents/Xilinx/ADS_Assignment_3/SevenSegmentDisplayGroup.vhd sub00/vhpl08 1433056183
EN threesecondlatch NULL C:/Users/Jableader/Documents/Xilinx/ADS_Assignment_3/debounce.vhd sub00/vhpl14 1433056177
AR coinacceptor behavioral C:/Users/Jableader/Documents/Xilinx/ADS_Assignment_3/CoinAcceptor.vhd sub00/vhpl05 1433056180
AR threesecondlatch behavoural C:/Users/Jableader/Documents/Xilinx/ADS_Assignment_3/debounce.vhd sub00/vhpl15 1433056178
EN coinacceptor NULL C:/Users/Jableader/Documents/Xilinx/ADS_Assignment_3/CoinAcceptor.vhd sub00/vhpl04 1433056179
PH commonunits NULL C:/Users/Jableader/Documents/Xilinx/ADS_Assignment_3/CommonUnits.vhd sub00/vhpl00 1433056173
EN debounce NULL C:/Users/Jableader/Documents/Xilinx/ADS_Assignment_3/debounce.vhd sub00/vhpl02 1432964753
EN toplevel NULL C:/Users/Jableader/Documents/Xilinx/ADS_Assignment_3/TopLevel.vhd sub00/vhpl06 1433056185
AR sevensegmentdisplaygroup behavioral C:/Users/Jableader/Documents/Xilinx/ADS_Assignment_3/SevenSegmentDisplayGroup.vhd sub00/vhpl11 1433056184
EN bcd_to_ssd NULL C:/Users/Jableader/Documents/Xilinx/ADS_Assignment_3/BCD_to_SSD.vhd sub00/vhpl09 1433056175
PB commonunits commonunits C:/Users/Jableader/Documents/Xilinx/ADS_Assignment_3/CommonUnits.vhd sub00/vhpl01 1433056174
AR debounce behavioral C:/Users/Jableader/Documents/Xilinx/ADS_Assignment_3/debounce.vhd sub00/vhpl03 1432964754
AR toplevel behavioral C:/Users/Jableader/Documents/Xilinx/ADS_Assignment_3/TopLevel.vhd sub00/vhpl07 1433056186
AR summanager behavioral C:/Users/Jableader/Documents/Xilinx/ADS_Assignment_3/MoneyManager.vhd sub00/vhpl13 1433056182
AR bcd_to_ssd behavioral C:/Users/Jableader/Documents/Xilinx/ADS_Assignment_3/BCD_to_SSD.vhd sub00/vhpl10 1433056176
EN summanager NULL C:/Users/Jableader/Documents/Xilinx/ADS_Assignment_3/MoneyManager.vhd sub00/vhpl12 1433056181
