V3 26
FL C:/Users/Jableader/Documents/Xilinx/ADS_Assignment_3/BCD_to_SSD.vhd 2015/05/30.14:54:15 P.58f
EN work/BCD_to_SSD 1432964751 \
      FL C:/Users/Jableader/Documents/Xilinx/ADS_Assignment_3/BCD_to_SSD.vhd \
      PB ieee/std_logic_1164 1364358218 PB ieee/NUMERIC_STD 1364358223 \
      PB work/CommonUnits 1432964750
AR work/BCD_to_SSD/Behavioral 1432964752 \
      FL C:/Users/Jableader/Documents/Xilinx/ADS_Assignment_3/BCD_to_SSD.vhd \
      EN work/BCD_to_SSD 1432964751
FL C:/Users/Jableader/Documents/Xilinx/ADS_Assignment_3/CoinAcceptor.vhd 2015/05/30.15:45:24 P.58f
EN work/CoinAcceptor 1432964755 \
      FL C:/Users/Jableader/Documents/Xilinx/ADS_Assignment_3/CoinAcceptor.vhd \
      PB ieee/std_logic_1164 1364358218 PB ieee/NUMERIC_STD 1364358223 \
      PB work/CommonUnits 1432964750
AR work/CoinAcceptor/Behavioral 1432964756 \
      FL C:/Users/Jableader/Documents/Xilinx/ADS_Assignment_3/CoinAcceptor.vhd \
      EN work/CoinAcceptor 1432964755 CP debounce
FL C:/Users/Jableader/Documents/Xilinx/ADS_Assignment_3/CommonUnits.vhd 2015/05/30.12:55:08 P.58f
PH work/CommonUnits 1432964749 \
      FL C:/Users/Jableader/Documents/Xilinx/ADS_Assignment_3/CommonUnits.vhd \
      PB ieee/std_logic_1164 1364358218 PB ieee/NUMERIC_STD 1364358223
PB work/CommonUnits 1432964750 \
      FL C:/Users/Jableader/Documents/Xilinx/ADS_Assignment_3/CommonUnits.vhd \
      PH work/CommonUnits 1432964749
FL C:/Users/Jableader/Documents/Xilinx/ADS_Assignment_3/debounce.vhd 2015/05/30.15:00:24 P.58f
EN work/debounce 1432964753 \
      FL C:/Users/Jableader/Documents/Xilinx/ADS_Assignment_3/debounce.vhd \
      PB ieee/std_logic_1164 1364358218 PB work/CommonUnits 1432964750
AR work/debounce/Behavioral 1432964754 \
      FL C:/Users/Jableader/Documents/Xilinx/ADS_Assignment_3/debounce.vhd \
      EN work/debounce 1432964753
FL C:/Users/Jableader/Documents/Xilinx/ADS_Assignment_3/MoneyManager.vhd 2015/05/30.15:06:59 P.58f
EN work/SumManager 1432964757 \
      FL C:/Users/Jableader/Documents/Xilinx/ADS_Assignment_3/MoneyManager.vhd \
      PB ieee/std_logic_1164 1364358218 PB ieee/NUMERIC_STD 1364358223
AR work/SumManager/Behavioral 1432964758 \
      FL C:/Users/Jableader/Documents/Xilinx/ADS_Assignment_3/MoneyManager.vhd \
      EN work/SumManager 1432964757
FL C:/Users/Jableader/Documents/Xilinx/ADS_Assignment_3/SevenSegmentDisplayGroup.vhd 2015/05/30.15:07:33 P.58f
EN work/SevenSegmentDisplayGroup 1432964759 \
      FL C:/Users/Jableader/Documents/Xilinx/ADS_Assignment_3/SevenSegmentDisplayGroup.vhd \
      PB ieee/std_logic_1164 1364358218 PB ieee/NUMERIC_STD 1364358223 \
      PB work/CommonUnits 1432964750
AR work/SevenSegmentDisplayGroup/Behavioral 1432964760 \
      FL C:/Users/Jableader/Documents/Xilinx/ADS_Assignment_3/SevenSegmentDisplayGroup.vhd \
      EN work/SevenSegmentDisplayGroup 1432964759 CP work/BCD_To_SSD
FL C:/Users/Jableader/Documents/Xilinx/ADS_Assignment_3/TopLevel.vhd 2015/05/30.15:44:31 P.58f
EN work/TopLevel 1432964761 \
      FL C:/Users/Jableader/Documents/Xilinx/ADS_Assignment_3/TopLevel.vhd \
      PB ieee/std_logic_1164 1364358218 PB ieee/NUMERIC_STD 1364358223 \
      PB work/CommonUnits 1432964750
AR work/TopLevel/Behavioral 1432964762 \
      FL C:/Users/Jableader/Documents/Xilinx/ADS_Assignment_3/TopLevel.vhd \
      EN work/TopLevel 1432964761 CP work/CoinAcceptor CP work/SumManager \
      CP work/SevenSegmentDisplayGroup
