V3 26
FL C:/Users/Jableader/Documents/Xilinx/ADS_Assignment_3/BCD_to_SSD.vhd 2015/05/30.14:54:15 P.58f
EN work/BCD_to_SSD 1433056175 \
      FL C:/Users/Jableader/Documents/Xilinx/ADS_Assignment_3/BCD_to_SSD.vhd \
      PB ieee/std_logic_1164 1364358218 PB ieee/NUMERIC_STD 1364358223 \
      PB work/CommonUnits 1433056174
AR work/BCD_to_SSD/Behavioral 1433056176 \
      FL C:/Users/Jableader/Documents/Xilinx/ADS_Assignment_3/BCD_to_SSD.vhd \
      EN work/BCD_to_SSD 1433056175
FL C:/Users/Jableader/Documents/Xilinx/ADS_Assignment_3/CoinAcceptor.vhd 2015/05/31.16:35:03 P.58f
EN work/CoinAcceptor 1433056179 \
      FL C:/Users/Jableader/Documents/Xilinx/ADS_Assignment_3/CoinAcceptor.vhd \
      PB ieee/std_logic_1164 1364358218 PB ieee/NUMERIC_STD 1364358223 \
      PB work/CommonUnits 1433056174
AR work/CoinAcceptor/Behavioral 1433056180 \
      FL C:/Users/Jableader/Documents/Xilinx/ADS_Assignment_3/CoinAcceptor.vhd \
      EN work/CoinAcceptor 1433056179 CP work/threeSecondLatch
FL C:/Users/Jableader/Documents/Xilinx/ADS_Assignment_3/CommonUnits.vhd 2015/05/30.12:55:08 P.58f
PH work/CommonUnits 1433056173 \
      FL C:/Users/Jableader/Documents/Xilinx/ADS_Assignment_3/CommonUnits.vhd \
      PB ieee/std_logic_1164 1364358218 PB ieee/NUMERIC_STD 1364358223
PB work/CommonUnits 1433056174 \
      FL C:/Users/Jableader/Documents/Xilinx/ADS_Assignment_3/CommonUnits.vhd \
      PH work/CommonUnits 1433056173
FL C:/Users/Jableader/Documents/Xilinx/ADS_Assignment_3/debounce.vhd 2015/05/31.17:09:30 P.58f
EN work/threeSecondLatch 1433056177 \
      FL C:/Users/Jableader/Documents/Xilinx/ADS_Assignment_3/debounce.vhd \
      PB ieee/std_logic_1164 1364358218 PB work/CommonUnits 1433056174
AR work/threeSecondLatch/Behavoural 1433056178 \
      FL C:/Users/Jableader/Documents/Xilinx/ADS_Assignment_3/debounce.vhd \
      EN work/threeSecondLatch 1433056177
FL C:/Users/Jableader/Documents/Xilinx/ADS_Assignment_3/MoneyManager.vhd 2015/05/31.16:55:48 P.58f
EN work/SumManager 1433056181 \
      FL C:/Users/Jableader/Documents/Xilinx/ADS_Assignment_3/MoneyManager.vhd \
      PB ieee/std_logic_1164 1364358218 PB ieee/NUMERIC_STD 1364358223
AR work/SumManager/Behavioral 1433056182 \
      FL C:/Users/Jableader/Documents/Xilinx/ADS_Assignment_3/MoneyManager.vhd \
      EN work/SumManager 1433056181
FL C:/Users/Jableader/Documents/Xilinx/ADS_Assignment_3/SevenSegmentDisplayGroup.vhd 2015/05/30.15:07:33 P.58f
EN work/SevenSegmentDisplayGroup 1433056183 \
      FL C:/Users/Jableader/Documents/Xilinx/ADS_Assignment_3/SevenSegmentDisplayGroup.vhd \
      PB ieee/std_logic_1164 1364358218 PB ieee/NUMERIC_STD 1364358223 \
      PB work/CommonUnits 1433056174
AR work/SevenSegmentDisplayGroup/Behavioral 1433056184 \
      FL C:/Users/Jableader/Documents/Xilinx/ADS_Assignment_3/SevenSegmentDisplayGroup.vhd \
      EN work/SevenSegmentDisplayGroup 1433056183 CP work/BCD_To_SSD
FL C:/Users/Jableader/Documents/Xilinx/ADS_Assignment_3/TopLevel.vhd 2015/05/31.16:50:31 P.58f
EN work/TopLevel 1433056185 \
      FL C:/Users/Jableader/Documents/Xilinx/ADS_Assignment_3/TopLevel.vhd \
      PB ieee/std_logic_1164 1364358218 PB ieee/NUMERIC_STD 1364358223 \
      PB work/CommonUnits 1433056174
AR work/TopLevel/Behavioral 1433056186 \
      FL C:/Users/Jableader/Documents/Xilinx/ADS_Assignment_3/TopLevel.vhd \
      EN work/TopLevel 1433056185 CP work/CoinAcceptor CP work/SumManager \
      CP work/SevenSegmentDisplayGroup
